// Jest Snapshot v1, https://goo.gl/fbAQLP

exports[`Blog container use paginate function and renders correctly calls paginate function correctly 1`] = `
<div>
  <div
    class="card-columns"
  >
    <div
      class="card"
      style="width: 18rem;"
    >
      <img
        class="card-img-top"
        src="image.jpg"
      />
      <div
        class="card-body"
      >
        <div
          class="card-title h5"
        >
          sunt aut facere repellat provident occaecati excepturi optio reprehenderit
        </div>
        <p
          class="card-text"
        >
          quia et suscipitsuscipit recusandae consequuntur expedita et cum
reprehenderit molestiae ut ut quas totam
nostrum rerum est autem sunt rem eveniet architecto
        </p>
        <button
          bg="dark"
          class="btn btn-dark"
          type="button"
        >
          Read More
        </button>
      </div>
    </div>
    <div
      class="card"
      style="width: 18rem;"
    >
      <img
        class="card-img-top"
        src="image.jpg"
      />
      <div
        class="card-body"
      >
        <div
          class="card-title h5"
        >
          qui est esse
        </div>
        <p
          class="card-text"
        >
          est rerum tempore vitaesequi sint nihil reprehenderit dolor beatae ea dolores neque
fugiat blanditiis voluptate porro vel nihil molestiae ut reiciendis
qui aperiam non debitis possimus qui neque nisi nulla
        </p>
        <button
          bg="dark"
          class="btn btn-dark"
          type="button"
        >
          Read More
        </button>
      </div>
    </div>
  </div>
</div>
`;
