// Jest Snapshot v1, https://goo.gl/fbAQLP

exports[`PaginationUI use paginate function and renders correctly calls paginate function correctly 1`] = `
<PaginationUI
  currentPage={0}
  numberPerPage={6}
  posts={
    Array [
      Object {
        "body": "quia et suscipitsuscipit recusandae consequuntur expedita et cum
reprehenderit molestiae ut ut quas totam
nostrum rerum est autem sunt rem eveniet architecto",
        "id": 1,
        "title": "sunt aut facere repellat provident occaecati excepturi optio reprehenderit",
        "userId": 1,
      },
      Object {
        "body": "est rerum tempore vitaesequi sint nihil reprehenderit dolor beatae ea dolores neque
fugiat blanditiis voluptate porro vel nihil molestiae ut reiciendis
qui aperiam non debitis possimus qui neque nisi nulla",
        "id": 2,
        "title": "qui est esse",
        "userId": 1,
      },
    ]
  }
>
  <div>
    <ForwardRef>
      <ul
        className="pagination"
      >
        <First
          onClick={[Function]}
        >
          <PageItem
            active={false}
            activeLabel="(current)"
            disabled={false}
            onClick={[Function]}
          >
            <li
              className="page-item"
            >
              <SafeAnchor
                className="page-link"
                disabled={false}
                onClick={[Function]}
              >
                <a
                  className="page-link"
                  href="#"
                  onClick={[Function]}
                  onKeyDown={[Function]}
                  role="button"
                >
                  <span
                    aria-hidden="true"
                  >
                    «
                  </span>
                  <span
                    className="sr-only"
                  >
                    First
                  </span>
                </a>
              </SafeAnchor>
            </li>
          </PageItem>
        </First>
        <Prev
          onClick={[Function]}
        >
          <PageItem
            active={false}
            activeLabel="(current)"
            disabled={false}
            onClick={[Function]}
          >
            <li
              className="page-item"
            >
              <SafeAnchor
                className="page-link"
                disabled={false}
                onClick={[Function]}
              >
                <a
                  className="page-link"
                  href="#"
                  onClick={[Function]}
                  onKeyDown={[Function]}
                  role="button"
                >
                  <span
                    aria-hidden="true"
                  >
                    ‹
                  </span>
                  <span
                    className="sr-only"
                  >
                    Previous
                  </span>
                </a>
              </SafeAnchor>
            </li>
          </PageItem>
        </Prev>
        <PageItem
          active={true}
          activeLabel="(current)"
          disabled={false}
          key="0"
          onClick={[Function]}
        >
          <li
            className="page-item active"
          >
            <span
              className="page-link"
              disabled={false}
              onClick={[Function]}
            >
              0
              <span
                className="sr-only"
              >
                (current)
              </span>
            </span>
          </li>
        </PageItem>
        <Next
          onClick={[Function]}
        >
          <PageItem
            active={false}
            activeLabel="(current)"
            disabled={false}
            onClick={[Function]}
          >
            <li
              className="page-item"
            >
              <SafeAnchor
                className="page-link"
                disabled={false}
                onClick={[Function]}
              >
                <a
                  className="page-link"
                  href="#"
                  onClick={[Function]}
                  onKeyDown={[Function]}
                  role="button"
                >
                  <span
                    aria-hidden="true"
                  >
                    ›
                  </span>
                  <span
                    className="sr-only"
                  >
                    Next
                  </span>
                </a>
              </SafeAnchor>
            </li>
          </PageItem>
        </Next>
        <Last
          onClick={[Function]}
        >
          <PageItem
            active={false}
            activeLabel="(current)"
            disabled={false}
            onClick={[Function]}
          >
            <li
              className="page-item"
            >
              <SafeAnchor
                className="page-link"
                disabled={false}
                onClick={[Function]}
              >
                <a
                  className="page-link"
                  href="#"
                  onClick={[Function]}
                  onKeyDown={[Function]}
                  role="button"
                >
                  <span
                    aria-hidden="true"
                  >
                    »
                  </span>
                  <span
                    className="sr-only"
                  >
                    Last
                  </span>
                </a>
              </SafeAnchor>
            </li>
          </PageItem>
        </Last>
      </ul>
    </ForwardRef>
  </div>
</PaginationUI>
`;
